QA output created by 698
Number of allocated blocks after truncate is in range
